// Jest Snapshot v1, https://goo.gl/fbAQLP

exports[`day 1 count depth decreases from provided input 1`] = `1342`;
