// Jest Snapshot v1, https://goo.gl/fbAQLP

exports[`day 2 part 1 getFinalPositionFromInput should get the final position from provided input 1`] = `1604850`;
